// Jest Snapshot v1, https://goo.gl/fbAQLP

exports[`MenuItem rest props can render all props to sub component 1`] = `
<ul
  aria-activedescendant=""
  class="rc-menu  rc-menu-root rc-menu-inline"
  role="menu"
  tabindex="0"
>
  <li
    aria-selected="false"
    class="rc-menu-item className rc-menu-item-active"
    data-whatever="whatever"
    role="menuitem"
    style="font-size: 20px; padding-left: 24px;"
    title="title"
  >
    1
  </li>
  <li
    class="rc-menu-submenu rc-menu-submenu-inline className"
    data-whatever="whatever"
    style="font-size: 20px;"
  >
    <div
      aria-expanded="false"
      aria-haspopup="true"
      aria-owns="item_1$Menu"
      class="rc-menu-submenu-title"
      style="padding-left: 24px;"
      title="title"
    >
      title
      <i
        class="rc-menu-submenu-arrow"
      />
    </div>
    <div />
  </li>
  <li
    class="className rc-menu-item-group"
    data-whatever="whatever"
    style="font-size: 20px;"
  >
    <div
      class="rc-menu-item-group-title"
      title="title"
    >
      title
    </div>
    <ul
      class="rc-menu-item-group-list"
    >
      <li
        aria-selected="false"
        class="rc-menu-item className"
        data-whatever="whatever"
        role="menuitem"
        style="font-size: 20px; padding-left: 24px;"
        title="title"
      >
        4
      </li>
    </ul>
  </li>
</ul>
`;
